// Jest Snapshot v1, https://goo.gl/fbAQLP

exports[`Button Renders Button Component 1`] = `
<DocumentFragment>
  <button
    class="sc-bdVaJa ieqGcc"
  />
</DocumentFragment>
`;
